<?xml version="1.0" encoding="utf-8"?><testsuites name="pytest tests"><testsuite name="pytest" errors="0" failures="0" skipped="0" tests="101" time="37.987" timestamp="2026-03-14T15:30:45.093313+01:00" hostname="r02n40"><testcase classname="src.make_prediction.tests.test_pipeline_integration.TestRasterizationCorrectness" name="test_single_point_pixel_exact" time="0.227" /><testcase classname="src.make_prediction.tests.test_pipeline_integration.TestRasterizationCorrectness" name="test_duplicate_pixels_mean_aggregation" time="0.150" /><testcase classname="src.make_prediction.tests.test_pipeline_integration.TestRasterizationCorrectness" name="test_nodata_where_no_input" time="0.138" /><testcase classname="src.make_prediction.tests.test_pipeline_integration.TestRasterizationCorrectness" name="test_grid_boundary_pixels" time="0.129" /><testcase classname="src.make_prediction.tests.test_pipeline_integration.TestRasterizationCorrectness" name="test_coordinate_pixel_roundtrip" time="0.001" /><testcase classname="src.make_prediction.tests.test_pipeline_integration.TestRasterizationCorrectness" name="test_known_points_all_placed_correctly" time="0.570" /><testcase classname="src.make_prediction.tests.test_pipeline_integration.TestCompositeCorrectness" name="test_mean_composite_equals_nanmean" time="2.383" /><testcase classname="src.make_prediction.tests.test_pipeline_integration.TestCompositeCorrectness" name="test_std_composite_uses_ddof1" time="2.465" /><testcase classname="src.make_prediction.tests.test_pipeline_integration.TestCompositeCorrectness" name="test_count_composite_equals_valid_days" time="2.403" /><testcase classname="src.make_prediction.tests.test_pipeline_integration.TestCompositeCorrectness" name="test_single_day_std_is_zero" time="1.188" /><testcase classname="src.make_prediction.tests.test_pipeline_integration.TestCompositeCorrectness" name="test_composite_excludes_nodata_from_mean" time="1.595" /><testcase classname="src.make_prediction.tests.test_pipeline_integration.TestCompositeCorrectness" name="test_min_max_composites" time="2.564" /><testcase classname="src.make_prediction.tests.test_pipeline_integration.TestEndToEndContract" name="test_all_predictions_appear_in_geotiffs" time="0.701" /><testcase classname="src.make_prediction.tests.test_pipeline_integration.TestEndToEndContract" name="test_no_phantom_geotiff_pixels" time="0.789" /><testcase classname="src.make_prediction.tests.test_pipeline_integration.TestEndToEndContract" name="test_timestamp_bijection" time="0.533" /><testcase classname="src.make_prediction.tests.test_pipeline_integration.TestEndToEndContract" name="test_spatial_coverage_preserved" time="0.717" /><testcase classname="src.make_prediction.tests.test_pipeline_integration.TestEndToEndContract" name="test_end_to_end_value_tracing" time="0.660" /><testcase classname="src.make_prediction.tests.test_pipeline_integration.TestFormatCompatibility" name="test_csv_to_geotiff_roundtrip" time="0.532" /><testcase classname="src.make_prediction.tests.test_pipeline_integration.TestFormatCompatibility" name="test_parquet_to_geotiff_roundtrip" time="0.620" /><testcase classname="src.make_prediction.tests.test_pipeline_integration.TestFormatCompatibility" name="test_format_parity_csv_vs_parquet" time="1.401" /><testcase classname="src.make_prediction.tests.test_pipeline_integration.TestFormatCompatibility" name="test_column_name_contract" time="0.006" /><testcase classname="src.make_prediction.tests.test_pipeline_integration.TestFormatCompatibility" name="test_read_prediction_file_auto_detect_csv" time="0.008" /><testcase classname="src.make_prediction.tests.test_pipeline_integration.TestFormatCompatibility" name="test_read_prediction_file_auto_detect_parquet" time="0.009" /><testcase classname="src.make_prediction.tests.test_pipeline_integration.TestEdgeCases" name="test_single_row_prediction" time="0.139" /><testcase classname="src.make_prediction.tests.test_pipeline_integration.TestEdgeCases" name="test_all_same_coordinate_different_timestamps" time="0.696" /><testcase classname="src.make_prediction.tests.test_pipeline_integration.TestEdgeCases" name="test_extreme_values_preserved" time="0.142" /><testcase classname="src.make_prediction.tests.test_pipeline_integration.TestEdgeCases" name="test_empty_timestamp_no_crash" time="0.113" /><testcase classname="src.make_prediction.tests.test_pipeline_integration.TestEdgeCases" name="test_multi_model_separate_dirs" time="0.218" /><testcase classname="src.make_prediction.tests.test_pipeline_integration.TestEdgeCases" name="test_geotiff_metadata" time="0.498" /><testcase classname="src.make_prediction.tests.test_predict_correctness.TestDataIntegrity" name="test_no_rows_dropped_feature_prep_clean_data" time="0.021" /><testcase classname="src.make_prediction.tests.test_predict_correctness.TestDataIntegrity" name="test_rows_with_nan_excluded_consistently" time="0.021" /><testcase classname="src.make_prediction.tests.test_predict_correctness.TestDataIntegrity" name="test_no_rows_dropped_during_mapping" time="0.021" /><testcase classname="src.make_prediction.tests.test_predict_correctness.TestDataIntegrity" name="test_mapping_indices_match_input" time="0.024" /><testcase classname="src.make_prediction.tests.test_predict_correctness.TestDataIntegrity" name="test_no_nan_predictions_for_valid_input" time="0.020" /><testcase classname="src.make_prediction.tests.test_predict_correctness.TestDataIntegrity" name="test_output_row_count_preserved" time="0.020" /><testcase classname="src.make_prediction.tests.test_predict_correctness.TestTransformCorrectness" name="test_log1p_expm1_roundtrip_numerical" time="0.000" /><testcase classname="src.make_prediction.tests.test_predict_correctness.TestTransformCorrectness" name="test_data_transformer_log1p_inverse" time="0.000" /><testcase classname="src.make_prediction.tests.test_predict_correctness.TestTransformCorrectness" name="test_data_transformer_sqrt_inverse" time="0.000" /><testcase classname="src.make_prediction.tests.test_predict_correctness.TestTransformCorrectness" name="test_data_transformer_log_inverse" time="0.000" /><testcase classname="src.make_prediction.tests.test_predict_correctness.TestTransformCorrectness" name="test_zero_input_nonnegative_output" time="0.000" /><testcase classname="src.make_prediction.tests.test_predict_correctness.TestTransformCorrectness" name="test_no_transform_returns_unchanged" time="0.000" /><testcase classname="src.make_prediction.tests.test_predict_correctness.TestTransformCorrectness" name="test_should_transform_target_flag" time="0.000" /><testcase classname="src.make_prediction.tests.test_predict_correctness.TestFeatureOrdering" name="test_feature_column_order_matches_config" time="0.019" /><testcase classname="src.make_prediction.tests.test_predict_correctness.TestFeatureOrdering" name="test_feature_array_column_count" time="0.020" /><testcase classname="src.make_prediction.tests.test_predict_correctness.TestFeatureOrdering" name="test_feature_array_values_match_source" time="0.024" /><testcase classname="src.make_prediction.tests.test_predict_correctness.TestFeatureOrdering" name="test_missing_feature_excluded_with_warning" time="0.019" /><testcase classname="src.make_prediction.tests.test_predict_correctness.TestFeatureOrdering" name="test_extra_columns_ignored" time="0.019" /><testcase classname="src.make_prediction.tests.test_predict_correctness.TestFeatureOrdering" name="test_case_insensitive_feature_match" time="0.019" /><testcase classname="src.make_prediction.tests.test_predict_correctness.TestFeatureOrdering" name="test_no_config_returns_none" time="0.019" /><testcase classname="src.make_prediction.tests.test_predict_correctness.TestRowIdentity" name="test_prediction_attached_to_correct_index" time="0.023" /><testcase classname="src.make_prediction.tests.test_predict_correctness.TestRowIdentity" name="test_known_value_at_known_coordinate" time="0.020" /><testcase classname="src.make_prediction.tests.test_predict_correctness.TestRowIdentity" name="test_shuffled_input_same_predictions" time="0.027" /><testcase classname="src.make_prediction.tests.test_predict_correctness.TestRowIdentity" name="test_lat_lon_preserved_exactly" time="0.020" /><testcase classname="src.make_prediction.tests.test_predict_correctness.TestRowIdentity" name="test_timestamp_preserved_exactly" time="0.020" /><testcase classname="src.make_prediction.tests.test_predict_correctness.TestCLIAndIO" name="test_extract_year_from_filename_standard" time="0.000" /><testcase classname="src.make_prediction.tests.test_predict_correctness.TestCLIAndIO" name="test_extract_year_from_filename_no_match" time="0.000" /><testcase classname="src.make_prediction.tests.test_predict_correctness.TestCLIAndIO" name="test_extract_year_from_filename_multiple_years" time="0.000" /><testcase classname="src.make_prediction.tests.test_prediction_visualization.TestGetValidBlockSize" name="test_large_dimension_returns_preferred" time="0.000" /><testcase classname="src.make_prediction.tests.test_prediction_visualization.TestGetValidBlockSize" name="test_small_dimension_rounds_down" time="0.000" /><testcase classname="src.make_prediction.tests.test_prediction_visualization.TestGetValidBlockSize" name="test_very_small_dimension_returns_minimum" time="0.000" /><testcase classname="src.make_prediction.tests.test_prediction_visualization.TestGetValidBlockSize" name="test_zero_dimension_returns_minimum" time="0.000" /><testcase classname="src.make_prediction.tests.test_prediction_visualization.TestGetValidBlockSize" name="test_negative_dimension_returns_minimum" time="0.000" /><testcase classname="src.make_prediction.tests.test_prediction_visualization.TestGetValidBlockSize" name="test_custom_preferred_and_multiple" time="0.000" /><testcase classname="src.make_prediction.tests.test_prediction_visualization.TestDiscoverTimestamps" name="test_finds_all_timestamps" time="0.004" /><testcase classname="src.make_prediction.tests.test_prediction_visualization.TestDiscoverTimestamps" name="test_returns_sorted" time="0.003" /><testcase classname="src.make_prediction.tests.test_prediction_visualization.TestDiscoverTimestamps" name="test_empty_csv_returns_empty" time="0.002" /><testcase classname="src.make_prediction.tests.test_prediction_visualization.TestWriteGeotiff" name="test_creates_valid_geotiff" time="0.004" /><testcase classname="src.make_prediction.tests.test_prediction_visualization.TestWriteGeotiff" name="test_handles_nan_values" time="0.003" /><testcase classname="src.make_prediction.tests.test_prediction_visualization.TestWriteGeotiff" name="test_custom_extent" time="0.003" /><testcase classname="src.make_prediction.tests.test_prediction_visualization.TestRasterizeTimestamp" name="test_produces_geotiff" time="1.423" /><testcase classname="src.make_prediction.tests.test_prediction_visualization.TestRasterizeTimestamp" name="test_missing_timestamp_returns_none" time="0.040" /><testcase classname="src.make_prediction.tests.test_prediction_visualization.TestComputeComposites" name="test_produces_all_stats" time="0.016" /><testcase classname="src.make_prediction.tests.test_prediction_visualization.TestComputeComposites" name="test_count_composite_values" time="0.008" /><testcase classname="src.make_prediction.tests.test_prediction_visualization.TestComputeComposites" name="test_empty_input_returns_empty" time="0.001" /><testcase classname="src.make_prediction.tests.test_prediction_visualization.TestCLI" name="test_required_args" time="0.002" /><testcase classname="src.make_prediction.tests.test_prediction_visualization.TestCLI" name="test_defaults" time="0.001" /><testcase classname="src.make_prediction.tests.test_prediction_visualization.TestCLI" name="test_custom_args" time="0.001" /><testcase classname="src.make_prediction.tests.test_prediction_visualization.TestSanitizeFilename" name="test_basic_timestamp" time="0.000" /><testcase classname="src.make_prediction.tests.test_prediction_visualization.TestSanitizeFilename" name="test_timezone_stripped" time="0.000" /><testcase classname="src.make_prediction.tests.test_prediction_visualization.TestSanitizeFilename" name="test_special_chars_removed" time="0.000" /><testcase classname="src.make_prediction.tests.test_prediction_visualization.TestSanitizeFilename" name="test_empty_returns_unknown" time="0.000" /><testcase classname="src.make_prediction.tests.test_prediction_visualization.TestRasterizeAllTimestamps" name="test_produces_tifs_for_all_timestamps" time="0.016" /><testcase classname="src.make_prediction.tests.test_prediction_visualization.TestRasterizeAllTimestamps" name="test_resume_skips_existing" time="0.020" /><testcase classname="src.make_prediction.tests.test_prediction_visualization.TestRunBatchPathValidation" name="test_path_traversal_rejected" time="0.001" /><testcase classname="src.make_prediction.tests.test_prediction_visualization.TestRunBatchPathValidation" name="test_valid_run_id_accepted" time="0.016" /><testcase classname="src.make_prediction.tests.test_prediction_visualization.TestSpatialCorrectness" name="test_pixel_coordinate_placement" time="0.021" /><testcase classname="src.make_prediction.tests.test_prediction_visualization.TestSpatialCorrectness" name="test_coordinate_to_pixel_roundtrip" time="0.018" /><testcase classname="src.make_prediction.tests.test_prediction_visualization.TestSpatialCorrectness" name="test_nodata_for_missing_coordinates" time="0.021" /><testcase classname="src.make_prediction.tests.test_prediction_visualization.TestSpatialCorrectness" name="test_grid_dimensions_match_resolution" time="0.107" /><testcase classname="src.make_prediction.tests.test_prediction_visualization.TestSpatialCorrectness" name="test_no_duplicate_pixels" time="0.008" /><testcase classname="src.make_prediction.tests.test_prediction_visualization.TestTemporalGrouping" name="test_single_timestamp_produces_one_tif" time="0.007" /><testcase classname="src.make_prediction.tests.test_prediction_visualization.TestTemporalGrouping" name="test_multiple_timestamps_produce_multiple_tifs" time="0.016" /><testcase classname="src.make_prediction.tests.test_prediction_visualization.TestTemporalGrouping" name="test_no_cross_contamination_between_timestamps" time="0.019" /><testcase classname="src.make_prediction.tests.test_prediction_visualization.TestTemporalGrouping" name="test_hourly_to_daily_aggregation" time="0.012" /><testcase classname="src.make_prediction.tests.test_prediction_visualization.TestCompositeCorrectness" name="test_composite_mean_equals_manual" time="0.010" /><testcase classname="src.make_prediction.tests.test_prediction_visualization.TestCompositeCorrectness" name="test_composite_count_reflects_valid_days" time="0.008" /><testcase classname="src.make_prediction.tests.test_prediction_visualization.TestCompositeCorrectness" name="test_composite_std_with_single_value" time="0.008" /><testcase classname="src.make_prediction.tests.test_prediction_visualization.TestCompositeCorrectness" name="test_composite_ignores_nodata" time="0.008" /><testcase classname="src.make_prediction.tests.test_prediction_visualization.TestFormatAndIO" name="test_parquet_input_produces_same_output" time="0.038" /><testcase classname="src.make_prediction.tests.test_prediction_visualization.TestFormatAndIO" name="test_geotiff_has_correct_crs" time="0.018" /><testcase classname="src.make_prediction.tests.test_prediction_visualization.TestFormatAndIO" name="test_geotiff_nodata_value" time="0.018" /></testsuite></testsuites>